2026-09-05 12:38:05,770 [INFO] Proses scraping dimulai...
2026-09-05 12:38:07,721 [INFO] File CSV dibuat dengan 151 berita.
2026-09-05 13:00:02,076 [INFO] === Memulai Siklus Penarikan Multi-Source ===
2026-09-05 13:00:02,076 [INFO] Mengambil data dari: Wolipop (https://wolipop.detik.com)
2026-09-05 13:00:03,683 [INFO] -> Ditemukan 78 artikel dari Wolipop
2026-09-05 13:00:03,683 [INFO] Mengambil data dari: DetikHot Celebs (https://hot.detik.com/celebs)
2026-09-05 13:00:05,075 [INFO] -> Ditemukan 122 artikel dari DetikHot Celebs
2026-09-05 13:00:05,075 [INFO] Mengambil data dari: Grid.ID (https://www.grid.id)
2026-09-05 13:00:05,181 [INFO] -> Ditemukan 0 artikel dari Grid.ID
2026-09-05 13:00:05,181 [INFO] Mengambil data dari: Okezone Celebrity (https://celebrity.okezone.com)
2026-09-05 13:00:05,507 [INFO] -> Ditemukan 81 artikel dari Okezone Celebrity
2026-09-05 13:00:05,507 [INFO] Mengambil data dari: TribunTrends Infotainment (https://trends.tribunnews.com/infotainment)
2026-09-05 13:00:05,603 [ERROR] Gagal memproses TribunTrends Infotainment: 403 Client Error: Forbidden for url: https://trends.tribunnews.com/infotainment
2026-09-05 13:00:05,614 [INFO] Berhasil menyimpan 97 berita baru ke CSV.
2026-09-05 13:16:03,026 [ERROR] Error pada TribunTrends: 403 Client Error: Forbidden for url: https://trends.tribunnews.com/infotainment
2026-09-05 13:16:03,033 [INFO] Membuat file CSV baru dengan 146 berita.
2026-09-05 13:17:16,689 [ERROR] Error pada TribunTrends: 403 Client Error: Forbidden for url: https://trends.tribunnews.com/infotainment
2026-09-05 13:17:16,698 [INFO] Menambahkan 6 berita baru.
2026-09-05 13:26:48,025 [ERROR] Error pada TribunTrends: 403 Client Error: Forbidden for url: https://trends.tribunnews.com/infotainment
2026-09-05 13:26:48,035 [INFO] Menambahkan 1 berita baru.
2026-09-05 13:29:03,942 [ERROR] Error pada TribunTrends: 403 Client Error: Forbidden for url: https://trends.tribunnews.com/infotainment
2026-09-05 13:29:03,952 [INFO] Menambahkan 1 berita baru.
2026-09-05 13:33:50,932 [ERROR] Error pada TribunTrends: 403 Client Error: Forbidden for url: https://trends.tribunnews.com/infotainment
2026-09-05 13:33:50,940 [INFO] Berhasil memperbarui 146 berita terbaru.
2026-09-05 16:34:52,506 [ERROR] Error pada TribunTrends: 403 Client Error: Forbidden for url: https://trends.tribunnews.com/infotainment
2026-09-05 16:34:52,513 [INFO] Berhasil memperbarui 145 berita terbaru.
2026-09-05 18:46:52,977 [ERROR] Error pada TribunTrends: 403 Client Error: Forbidden for url: https://trends.tribunnews.com/infotainment
2026-09-05 18:46:52,991 [INFO] Berhasil memperbarui 146 berita terbaru.
2026-09-05 18:46:53,728 [INFO] Memulai penarikan berita trending...
2026-09-05 18:46:55,275 [ERROR] Gagal mengambil Detik Terpopuler: 404 Client Error: Not Found for url: https://hot.detik.com/terpopuler
2026-09-05 18:46:55,279 [INFO] Berhasil menyimpan 10 topik trending ke berita_trending.csv.
2026-09-05 18:51:39,255 [ERROR] Error pada TribunTrends: 403 Client Error: Forbidden for url: https://trends.tribunnews.com/infotainment
2026-09-05 18:51:39,262 [INFO] Berhasil memperbarui 146 berita terbaru.
2026-09-05 18:51:39,837 [INFO] Memulai penarikan berita trending...
2026-09-05 18:51:41,257 [ERROR] Gagal mengambil Detik Terpopuler: 404 Client Error: Not Found for url: https://hot.detik.com/terpopuler
2026-09-05 18:51:41,261 [INFO] Berhasil menyimpan 10 topik trending ke berita_trending.csv.
2026-09-05 18:56:21,632 [ERROR] Error pada TribunTrends: 403 Client Error: Forbidden for url: https://trends.tribunnews.com/infotainment
2026-09-05 18:56:21,642 [INFO] Berhasil memperbarui 146 berita terbaru.
2026-09-05 18:56:22,102 [INFO] Memulai penarikan berita trending Indonesia...
2026-09-05 18:56:23,553 [ERROR] Gagal mengambil DetikHot Terpopuler: 404 Client Error: Not Found for url: https://hot.detik.com/terpopuler
2026-09-05 18:56:24,807 [INFO] Berhasil memperbarui 11 topik trending Indonesia ke berita_trending.csv.
2026-09-05 19:00:50,704 [ERROR] Error pada TribunTrends: 403 Client Error: Forbidden for url: https://trends.tribunnews.com/infotainment
2026-09-05 19:00:50,711 [INFO] Berhasil memperbarui 146 berita terbaru.
2026-09-05 19:00:51,114 [INFO] Memulai penarikan berita trending Indonesia...
2026-09-05 19:00:52,221 [ERROR] Gagal mengambil DetikHot Terpopuler: 404 Client Error: Not Found for url: https://hot.detik.com/terpopuler
2026-09-05 19:00:53,597 [INFO] Berhasil memperbarui 28 topik trending Indonesia ke berita_trending.csv.
2026-09-05 19:07:33,225 [ERROR] Error pada TribunTrends: 403 Client Error: Forbidden for url: https://trends.tribunnews.com/infotainment
2026-09-05 19:07:33,234 [INFO] Berhasil memperbarui 146 berita terbaru.
2026-09-05 19:07:33,727 [INFO] Memulai penarikan berita trending...
2026-09-05 19:07:35,213 [INFO] Berhasil memperbarui 37 data trending ke berita_trending.csv.
2026-09-05 19:31:54,869 [ERROR] Error pada TribunTrends: 403 Client Error: Forbidden for url: https://trends.tribunnews.com/infotainment
2026-09-05 19:31:54,879 [INFO] Berhasil memperbarui 147 berita terbaru.
2026-09-05 19:31:55,415 [INFO] Memulai penarikan tren terpadu (General News & Sosmed)...
2026-09-05 19:31:59,324 [INFO] Berhasil menyimpan 26 data tren ke berita_trending.csv.
2026-09-05 19:45:10,688 [ERROR] Error pada TribunTrends: 403 Client Error: Forbidden for url: https://trends.tribunnews.com/infotainment
2026-09-05 19:45:10,696 [INFO] Berhasil memperbarui 147 berita terbaru.
2026-09-05 19:45:12,984 [ERROR] Gagal mengambil CNN Indonesia: 403 Client Error: Forbidden for url: https://www.cnnindonesia.com/nasional
2026-09-05 19:45:13,156 [ERROR] Gagal mengambil Tribunnews Nasional: 403 Client Error: Forbidden for url: https://www.tribunnews.com/nasional
2026-09-05 19:45:15,256 [INFO] Membuat file CSV news baru dengan 242 berita.
2026-09-05 19:45:15,709 [INFO] Memulai penarikan tren terpadu (General News & Sosmed)...
2026-09-05 19:45:20,917 [INFO] Berhasil menyimpan 43 data tren ke berita_trending.csv.
2026-09-05 19:52:03,616 [ERROR] Error pada TribunTrends: 403 Client Error: Forbidden for url: https://trends.tribunnews.com/infotainment
2026-09-05 19:52:03,626 [INFO] Berhasil memperbarui 147 berita terbaru.
2026-09-05 19:52:06,377 [ERROR] Gagal mengambil CNN Indonesia: 403 Client Error: Forbidden for url: https://www.cnnindonesia.com/nasional
2026-09-05 19:52:06,493 [ERROR] Gagal mengambil Tribunnews Nasional: 403 Client Error: Forbidden for url: https://www.tribunnews.com/nasional
2026-09-05 19:52:08,416 [INFO] Berhasil membersihkan dan memperbarui 242 berita.
2026-09-05 19:52:08,873 [INFO] Memulai penarikan tren terpadu (General News & Sosmed)...
2026-09-05 19:52:12,690 [INFO] Berhasil menyimpan 43 data tren ke berita_trending.csv.
2026-09-05 20:01:23,965 [ERROR] Error pada TribunTrends: 403 Client Error: Forbidden for url: https://trends.tribunnews.com/infotainment
2026-09-05 20:01:23,973 [INFO] Berhasil memperbarui 147 berita terbaru.
2026-09-05 20:01:26,185 [ERROR] Gagal mengambil CNN Indonesia: 403 Client Error: Forbidden for url: https://www.cnnindonesia.com/nasional
2026-09-05 20:01:26,356 [ERROR] Gagal mengambil Tribunnews Nasional: 403 Client Error: Forbidden for url: https://www.tribunnews.com/nasional
2026-09-05 20:01:28,646 [INFO] Berhasil membersihkan dan memperbarui 242 berita.
2026-09-05 20:01:29,103 [INFO] Memulai penarikan tren terpadu (General News & Sosmed)...
2026-09-05 20:01:34,149 [INFO] Berhasil menyimpan 43 data tren ke berita_trending.csv.
2026-09-05 23:35:51,565 [ERROR] Error pada TribunTrends: 403 Client Error: Forbidden for url: https://trends.tribunnews.com/infotainment
2026-09-05 23:35:51,574 [INFO] Berhasil memperbarui 150 berita terbaru.
2026-09-05 23:35:53,865 [ERROR] Gagal mengambil CNN Indonesia: 403 Client Error: Forbidden for url: https://www.cnnindonesia.com/nasional
2026-09-05 23:35:54,008 [ERROR] Gagal mengambil Tribunnews Nasional: 403 Client Error: Forbidden for url: https://www.tribunnews.com/nasional
2026-09-05 23:35:56,084 [INFO] Berhasil membersihkan dan memperbarui 260 berita.
2026-09-05 23:35:56,552 [INFO] Memulai penarikan tren terpadu (General News & Sosmed)...
2026-09-05 23:36:00,454 [INFO] Berhasil menyimpan 26 data tren ke berita_trending.csv.
2026-09-06 03:21:12,338 [ERROR] Error pada TribunTrends: 403 Client Error: Forbidden for url: https://trends.tribunnews.com/infotainment
2026-09-06 03:21:12,348 [INFO] Berhasil memperbarui 146 berita terbaru.
2026-09-06 03:21:14,499 [ERROR] Gagal mengambil CNN Indonesia: 403 Client Error: Forbidden for url: https://www.cnnindonesia.com/nasional
2026-09-06 03:21:14,565 [ERROR] Gagal mengambil Tribunnews Nasional: 403 Client Error: Forbidden for url: https://www.tribunnews.com/nasional
2026-09-06 03:21:16,421 [INFO] Berhasil membersihkan dan memperbarui 335 berita.
2026-09-06 03:21:16,910 [INFO] Memulai penarikan tren terpadu (General News & Sosmed)...
2026-09-06 03:21:21,595 [INFO] Berhasil menyimpan 45 data tren ke berita_trending.csv.
2026-09-06 04:00:31,090 [ERROR] Error pada TribunTrends: 403 Client Error: Forbidden for url: https://trends.tribunnews.com/infotainment
2026-09-06 04:00:31,097 [INFO] Berhasil memperbarui 145 berita terbaru.
2026-09-06 04:00:32,857 [ERROR] Gagal mengambil CNN Indonesia: 403 Client Error: Forbidden for url: https://www.cnnindonesia.com/nasional
2026-09-06 04:00:33,074 [ERROR] Gagal mengambil Tribunnews Nasional: 403 Client Error: Forbidden for url: https://www.tribunnews.com/nasional
2026-09-06 04:00:35,623 [INFO] Berhasil membersihkan dan memperbarui 344 berita.
2026-09-06 04:00:36,063 [INFO] Memulai penarikan tren terpadu...
2026-09-06 04:00:41,931 [INFO] Berhasil menyimpan 28 data tren bersih ke berita_trending.csv.
2026-09-06 08:25:29,404 [ERROR] Error pada TribunTrends: 403 Client Error: Forbidden for url: https://trends.tribunnews.com/infotainment
2026-09-06 08:25:29,414 [INFO] Berhasil memperbarui 147 berita terbaru.
2026-09-06 08:25:31,598 [ERROR] Gagal mengambil CNN Indonesia: 403 Client Error: Forbidden for url: https://www.cnnindonesia.com/nasional
2026-09-06 08:25:31,663 [ERROR] Gagal mengambil Tribunnews Nasional: 403 Client Error: Forbidden for url: https://www.tribunnews.com/nasional
2026-09-06 08:25:33,503 [INFO] Berhasil membersihkan dan memperbarui 437 berita.
2026-09-06 08:25:34,021 [INFO] Memulai penarikan tren terpadu...
2026-09-06 08:25:37,710 [INFO] Berhasil menyimpan 43 data tren bersih ke berita_trending.csv.
2026-09-06 08:50:35,537 [ERROR] Error pada TribunTrends: 403 Client Error: Forbidden for url: https://trends.tribunnews.com/infotainment
2026-09-06 08:50:35,545 [INFO] Berhasil memperbarui 146 berita terbaru.
2026-09-06 08:50:37,774 [ERROR] Gagal mengambil CNN Indonesia: 403 Client Error: Forbidden for url: https://www.cnnindonesia.com/nasional
2026-09-06 08:50:37,839 [ERROR] Gagal mengambil Tribunnews Nasional: 403 Client Error: Forbidden for url: https://www.tribunnews.com/nasional
2026-09-06 08:50:39,766 [INFO] Berhasil membersihkan dan memperbarui 443 berita.
2026-09-06 08:50:40,241 [INFO] Memulai penarikan tren terpadu...
2026-09-06 08:50:44,280 [INFO] Berhasil menyimpan 43 data tren bersih ke berita_trending.csv.
2026-09-06 13:22:25,562 [ERROR] Error pada TribunTrends: 403 Client Error: Forbidden for url: https://trends.tribunnews.com/infotainment
2026-09-06 13:22:25,571 [INFO] Berhasil memperbarui 152 berita terbaru.
2026-09-06 13:22:27,722 [ERROR] Gagal mengambil CNN Indonesia: 403 Client Error: Forbidden for url: https://www.cnnindonesia.com/nasional
2026-09-06 13:22:27,866 [ERROR] Gagal mengambil Tribunnews Nasional: 403 Client Error: Forbidden for url: https://www.tribunnews.com/nasional
2026-09-06 13:22:29,046 [INFO] Berhasil membersihkan dan memperbarui 516 berita.
2026-09-06 13:22:29,511 [INFO] Memulai penarikan tren terpadu...
2026-09-06 13:22:33,966 [INFO] Berhasil menyimpan 46 data tren bersih ke berita_trending.csv.
2026-09-06 16:30:24,571 [ERROR] Error pada TribunTrends: 403 Client Error: Forbidden for url: https://trends.tribunnews.com/infotainment
2026-09-06 16:30:24,580 [INFO] Berhasil memperbarui 153 berita terbaru.
2026-09-06 16:30:26,597 [ERROR] Gagal mengambil CNN Indonesia: 403 Client Error: Forbidden for url: https://www.cnnindonesia.com/nasional
2026-09-06 16:30:26,633 [ERROR] Gagal mengambil Tribunnews Nasional: 403 Client Error: Forbidden for url: https://www.tribunnews.com/nasional
2026-09-06 16:30:28,144 [INFO] Berhasil membersihkan dan memperbarui 552 berita.
2026-09-06 16:30:28,504 [INFO] Memulai penarikan tren terpadu...
2026-09-06 16:30:33,026 [INFO] Berhasil menyimpan 45 data tren bersih ke berita_trending.csv.
2026-09-06 18:52:34,895 [ERROR] Error pada TribunTrends: 403 Client Error: Forbidden for url: https://trends.tribunnews.com/infotainment
2026-09-06 18:52:34,902 [INFO] Berhasil memperbarui 153 berita terbaru.
2026-09-06 18:52:36,997 [ERROR] Gagal mengambil CNN Indonesia: 403 Client Error: Forbidden for url: https://www.cnnindonesia.com/nasional
2026-09-06 18:52:37,111 [ERROR] Gagal mengambil Tribunnews Nasional: 403 Client Error: Forbidden for url: https://www.tribunnews.com/nasional
2026-09-06 18:52:38,856 [INFO] Berhasil membersihkan dan memperbarui 567 berita.
2026-09-06 18:52:39,399 [INFO] Memulai penarikan tren terpadu...
2026-09-06 18:52:45,629 [INFO] Berhasil menyimpan 45 data tren bersih ke berita_trending.csv.
2026-09-06 18:58:00,054 [ERROR] Error pada TribunTrends: 403 Client Error: Forbidden for url: https://trends.tribunnews.com/infotainment
2026-09-06 18:58:00,061 [INFO] Berhasil memperbarui 153 berita terbaru.
2026-09-06 18:58:03,057 [ERROR] Gagal mengambil CNN Indonesia: 403 Client Error: Forbidden for url: https://www.cnnindonesia.com/nasional
2026-09-06 18:58:03,217 [ERROR] Gagal mengambil Tribunnews Nasional: 403 Client Error: Forbidden for url: https://www.tribunnews.com/nasional
2026-09-06 18:58:04,879 [INFO] Berhasil membersihkan dan memperbarui 567 berita.
2026-09-06 18:58:05,284 [INFO] Memulai penarikan tren terpadu...
2026-09-06 18:58:10,932 [INFO] Berhasil menyimpan 45 data tren bersih ke berita_trending.csv.
2026-09-06 19:39:14,055 [ERROR] Error pada TribunTrends: 403 Client Error: Forbidden for url: https://trends.tribunnews.com/infotainment
2026-09-06 19:39:14,064 [INFO] Berhasil memperbarui 153 berita terbaru.
2026-09-06 19:39:16,665 [ERROR] Gagal mengambil CNN Indonesia: 403 Client Error: Forbidden for url: https://www.cnnindonesia.com/nasional
2026-09-06 19:39:16,769 [ERROR] Gagal mengambil Tribunnews Nasional: 403 Client Error: Forbidden for url: https://www.tribunnews.com/nasional
2026-09-06 19:39:18,433 [INFO] Berhasil membersihkan dan memperbarui 571 berita.
2026-09-06 19:39:18,887 [INFO] Memulai penarikan tren terpadu...
2026-09-06 19:39:23,292 [INFO] Berhasil menyimpan 46 data tren bersih ke berita_trending.csv.
2026-09-06 21:47:01,142 [ERROR] Error pada TribunTrends: 403 Client Error: Forbidden for url: https://trends.tribunnews.com/infotainment
2026-09-06 21:47:01,149 [INFO] Berhasil memperbarui 154 berita terbaru.
2026-09-06 21:47:02,737 [ERROR] Gagal mengambil CNN Indonesia: 403 Client Error: Forbidden for url: https://www.cnnindonesia.com/nasional
2026-09-06 21:47:02,903 [ERROR] Gagal mengambil Tribunnews Nasional: 403 Client Error: Forbidden for url: https://www.tribunnews.com/nasional
2026-09-06 21:47:04,399 [INFO] Berhasil membersihkan dan memperbarui 574 berita.
2026-09-06 21:47:04,679 [INFO] Memulai penarikan tren terpadu...
2026-09-06 21:47:09,386 [INFO] Berhasil menyimpan 45 data tren bersih ke berita_trending.csv.
2026-09-06 23:17:57,980 [ERROR] Error pada TribunTrends: 403 Client Error: Forbidden for url: https://trends.tribunnews.com/infotainment
2026-09-06 23:17:57,988 [INFO] Berhasil memperbarui 152 berita terbaru.
2026-09-06 23:18:00,201 [ERROR] Gagal mengambil CNN Indonesia: 403 Client Error: Forbidden for url: https://www.cnnindonesia.com/nasional
2026-09-06 23:18:00,275 [ERROR] Gagal mengambil Tribunnews Nasional: 403 Client Error: Forbidden for url: https://www.tribunnews.com/nasional
2026-09-06 23:18:01,942 [INFO] Berhasil membersihkan dan memperbarui 582 berita.
2026-09-06 23:18:02,411 [INFO] Memulai penarikan tren terpadu...
2026-09-06 23:18:06,678 [INFO] Berhasil menyimpan 28 data tren bersih ke berita_trending.csv.
2026-09-07 01:16:31,054 [ERROR] Error pada TribunTrends: 403 Client Error: Forbidden for url: https://trends.tribunnews.com/infotainment
2026-09-07 01:16:31,063 [INFO] Berhasil memperbarui 152 berita terbaru.
2026-09-07 01:16:32,910 [ERROR] Gagal mengambil CNN Indonesia: 403 Client Error: Forbidden for url: https://www.cnnindonesia.com/nasional
2026-09-07 01:16:32,952 [ERROR] Gagal mengambil Tribunnews Nasional: 403 Client Error: Forbidden for url: https://www.tribunnews.com/nasional
2026-09-07 01:16:34,636 [INFO] Berhasil membersihkan dan memperbarui 611 berita.
2026-09-07 01:16:35,156 [INFO] Memulai penarikan tren terpadu...
2026-09-07 01:16:39,248 [INFO] Berhasil menyimpan 36 data tren bersih ke berita_trending.csv.
2026-09-07 01:16:39,717 [INFO] Memulai tracker Hiburan & Opini...
2026-09-07 01:16:43,014 [INFO] Berhasil menyimpan 12 data ke hiburan_dan_opini.csv.
2026-09-07 01:25:26,153 [ERROR] Error pada TribunTrends: 403 Client Error: Forbidden for url: https://trends.tribunnews.com/infotainment
2026-09-07 01:25:26,160 [INFO] Berhasil memperbarui 152 berita terbaru.
2026-09-07 01:25:28,336 [ERROR] Gagal mengambil CNN Indonesia: 403 Client Error: Forbidden for url: https://www.cnnindonesia.com/nasional
2026-09-07 01:25:28,436 [ERROR] Gagal mengambil Tribunnews Nasional: 403 Client Error: Forbidden for url: https://www.tribunnews.com/nasional
2026-09-07 01:25:30,242 [INFO] Berhasil membersihkan dan memperbarui 613 berita.
2026-09-07 01:25:30,647 [INFO] Memulai penarikan tren terpadu...
2026-09-07 01:25:35,386 [INFO] Berhasil menyimpan 36 data tren bersih ke berita_trending.csv.
2026-09-07 01:25:35,751 [INFO] Memulai tracker Hiburan & Opini...
2026-09-07 01:25:39,085 [INFO] Berhasil menyimpan 12 data ke hiburan_dan_opini.csv.
2026-09-07 04:53:20,151 [ERROR] Error pada TribunTrends: 403 Client Error: Forbidden for url: https://trends.tribunnews.com/infotainment
2026-09-07 04:53:20,157 [INFO] Berhasil memperbarui 153 berita terbaru.
2026-09-07 04:53:21,849 [ERROR] Gagal mengambil CNN Indonesia: 403 Client Error: Forbidden for url: https://www.cnnindonesia.com/nasional
2026-09-07 04:53:21,986 [ERROR] Gagal mengambil Tribunnews Nasional: 403 Client Error: Forbidden for url: https://www.tribunnews.com/nasional
2026-09-07 04:53:23,428 [INFO] Berhasil membersihkan dan memperbarui 695 berita.
2026-09-07 04:53:23,794 [INFO] Memulai penarikan tren terpadu...
2026-09-07 04:53:27,383 [INFO] Berhasil menyimpan 42 data tren bersih ke berita_trending.csv.
2026-09-07 04:53:27,664 [INFO] Memulai tracker Hiburan & Opini...
2026-09-07 04:53:30,612 [INFO] Berhasil menyimpan 12 data ke hiburan_dan_opini.csv.
2026-09-07 06:41:04,580 [ERROR] Error pada TribunTrends: 403 Client Error: Forbidden for url: https://trends.tribunnews.com/infotainment
2026-09-07 06:41:04,589 [INFO] Berhasil memperbarui 156 berita terbaru.
2026-09-07 06:41:07,206 [ERROR] Gagal mengambil CNN Indonesia: 403 Client Error: Forbidden for url: https://www.cnnindonesia.com/nasional
2026-09-07 06:41:07,400 [ERROR] Gagal mengambil Tribunnews Nasional: 403 Client Error: Forbidden for url: https://www.tribunnews.com/nasional
2026-09-07 06:41:08,929 [INFO] Berhasil membersihkan dan memperbarui 758 berita.
2026-09-07 06:41:09,449 [INFO] Memulai penarikan tren terpadu...
2026-09-07 06:41:13,898 [INFO] Berhasil menyimpan 44 data tren bersih ke berita_trending.csv.
2026-09-07 06:41:14,376 [INFO] Memulai tracker Hiburan & Opini...
2026-09-07 06:41:17,922 [INFO] Berhasil menyimpan 12 data ke hiburan_dan_opini.csv.
2026-09-07 06:55:32,143 [ERROR] Error pada TribunTrends: 403 Client Error: Forbidden for url: https://trends.tribunnews.com/infotainment
2026-09-07 06:55:32,151 [INFO] Berhasil memperbarui 156 berita terbaru.
2026-09-07 06:55:33,913 [ERROR] Gagal mengambil CNN Indonesia: 403 Client Error: Forbidden for url: https://www.cnnindonesia.com/nasional
2026-09-07 06:55:33,964 [ERROR] Gagal mengambil Tribunnews Nasional: 403 Client Error: Forbidden for url: https://www.tribunnews.com/nasional
2026-09-07 06:55:35,127 [INFO] Berhasil membersihkan dan memperbarui 771 berita.
2026-09-07 06:55:35,579 [INFO] Memulai penarikan tren terpadu...
2026-09-07 06:55:39,372 [INFO] Berhasil menyimpan 44 data tren bersih ke berita_trending.csv.
2026-09-07 06:55:39,820 [INFO] Memulai tracker Hiburan & Opini...
2026-09-07 06:55:43,271 [INFO] Berhasil menyimpan 12 data ke hiburan_dan_opini.csv.
2026-09-07 08:08:26,224 [ERROR] Error pada TribunTrends: 403 Client Error: Forbidden for url: https://trends.tribunnews.com/infotainment
2026-09-07 08:08:26,233 [INFO] Berhasil memperbarui 155 berita terbaru.
2026-09-07 08:08:28,384 [ERROR] Gagal mengambil CNN Indonesia: 403 Client Error: Forbidden for url: https://www.cnnindonesia.com/nasional
2026-09-07 08:08:28,479 [ERROR] Gagal mengambil Tribunnews Nasional: 403 Client Error: Forbidden for url: https://www.tribunnews.com/nasional
2026-09-07 08:08:29,938 [INFO] Berhasil membersihkan dan memperbarui 827 berita.
2026-09-07 08:08:30,398 [INFO] Memulai penarikan tren terpadu...
2026-09-07 08:08:34,606 [INFO] Berhasil menyimpan 45 data tren bersih ke berita_trending.csv.
2026-09-07 08:08:35,054 [INFO] Memulai tracker Hiburan & Opini...
2026-09-07 08:08:38,030 [INFO] Berhasil menyimpan 12 data ke hiburan_dan_opini.csv.
2026-09-07 13:43:24,025 [ERROR] Error pada TribunTrends: 403 Client Error: Forbidden for url: https://trends.tribunnews.com/infotainment
2026-09-07 13:43:24,034 [INFO] Berhasil memperbarui 154 berita terbaru.
2026-09-07 13:43:27,081 [ERROR] Gagal mengambil CNN Indonesia: 403 Client Error: Forbidden for url: https://www.cnnindonesia.com/nasional
2026-09-07 13:43:27,277 [ERROR] Gagal mengambil Tribunnews Nasional: 403 Client Error: Forbidden for url: https://www.tribunnews.com/nasional
2026-09-07 13:43:29,191 [INFO] Berhasil membersihkan dan memperbarui 972 berita.
2026-09-07 13:43:29,670 [INFO] Memulai penarikan tren terpadu...
2026-09-07 13:43:36,217 [INFO] Berhasil menyimpan 45 data tren bersih ke berita_trending.csv.
2026-09-07 13:43:36,659 [INFO] Memulai tracker Hiburan & Opini...
2026-09-07 13:43:40,551 [INFO] Berhasil menyimpan 12 data ke hiburan_dan_opini.csv.
2026-09-07 18:26:48,581 [ERROR] Error pada TribunTrends: 403 Client Error: Forbidden for url: https://trends.tribunnews.com/infotainment
2026-09-07 18:26:48,591 [INFO] Berhasil memperbarui 155 berita terbaru.
2026-09-07 18:26:50,587 [ERROR] Gagal mengambil CNN Indonesia: 403 Client Error: Forbidden for url: https://www.cnnindonesia.com/nasional
2026-09-07 18:26:50,628 [ERROR] Gagal mengambil Tribunnews Nasional: 403 Client Error: Forbidden for url: https://www.tribunnews.com/nasional
2026-09-07 18:26:52,384 [INFO] Berhasil membersihkan dan memperbarui 1021 berita.
2026-09-07 18:26:52,920 [INFO] Memulai penarikan tren terpadu...
2026-09-07 18:26:57,616 [INFO] Berhasil menyimpan 43 data tren bersih ke berita_trending.csv.
2026-09-07 18:26:58,096 [INFO] Memulai tracker Hiburan & Opini...
2026-09-07 18:27:01,460 [INFO] Berhasil menyimpan 12 data ke hiburan_dan_opini.csv.
2026-09-07 18:31:59,672 [ERROR] Error pada TribunTrends: 403 Client Error: Forbidden for url: https://trends.tribunnews.com/infotainment
2026-09-07 18:31:59,680 [INFO] Berhasil memperbarui 155 berita terbaru.
2026-09-07 18:32:01,978 [ERROR] Gagal mengambil CNN Indonesia: 403 Client Error: Forbidden for url: https://www.cnnindonesia.com/nasional
2026-09-07 18:32:02,113 [ERROR] Gagal mengambil Tribunnews Nasional: 403 Client Error: Forbidden for url: https://www.tribunnews.com/nasional
2026-09-07 18:32:03,700 [INFO] Berhasil membersihkan dan memperbarui 1021 berita.
2026-09-07 18:32:04,182 [INFO] Memulai penarikan tren terpadu...
2026-09-07 18:32:08,511 [INFO] Berhasil menyimpan 43 data tren bersih ke berita_trending.csv.
2026-09-07 18:32:08,949 [INFO] Memulai tracker Hiburan & Opini...
2026-09-07 18:32:11,718 [INFO] Berhasil menyimpan 12 data ke hiburan_dan_opini.csv.
2026-09-07 18:35:04,656 [ERROR] Error pada TribunTrends: 403 Client Error: Forbidden for url: https://trends.tribunnews.com/infotainment
2026-09-07 18:35:04,664 [INFO] Berhasil memperbarui 155 berita terbaru.
2026-09-07 18:35:06,822 [ERROR] Gagal mengambil CNN Indonesia: 403 Client Error: Forbidden for url: https://www.cnnindonesia.com/nasional
2026-09-07 18:35:06,865 [ERROR] Gagal mengambil Tribunnews Nasional: 403 Client Error: Forbidden for url: https://www.tribunnews.com/nasional
2026-09-07 18:35:08,396 [INFO] Berhasil membersihkan dan memperbarui 1021 berita.
2026-09-07 18:35:08,895 [INFO] Memulai penarikan tren terpadu...
2026-09-07 18:35:12,310 [INFO] Berhasil menyimpan 28 data tren bersih ke berita_trending.csv.
2026-09-07 18:35:12,741 [INFO] Memulai tracker Hiburan & Opini...
2026-09-07 18:35:15,764 [INFO] Berhasil menyimpan 12 data ke hiburan_dan_opini.csv.
2026-09-07 18:46:53,682 [ERROR] Error pada TribunTrends: 403 Client Error: Forbidden for url: https://trends.tribunnews.com/infotainment
2026-09-07 18:46:53,690 [INFO] Berhasil memperbarui 155 berita terbaru.
2026-09-07 18:46:56,494 [ERROR] Gagal mengambil CNN Indonesia: 403 Client Error: Forbidden for url: https://www.cnnindonesia.com/nasional
2026-09-07 18:46:56,652 [ERROR] Gagal mengambil Tribunnews Nasional: 403 Client Error: Forbidden for url: https://www.tribunnews.com/nasional
2026-09-07 18:46:58,899 [INFO] Berhasil membersihkan dan memperbarui 1021 berita.
2026-09-07 18:46:59,321 [INFO] Memulai penarikan tren terpadu...
2026-09-07 18:47:05,245 [INFO] Berhasil menyimpan 43 data tren bersih ke berita_trending.csv.
2026-09-07 18:47:05,655 [INFO] Memulai tracker Hiburan & Opini...
2026-09-07 18:47:09,433 [INFO] Berhasil menyimpan 12 data ke hiburan_dan_opini.csv.
2026-09-07 19:08:09,540 [ERROR] Error pada TribunTrends: 403 Client Error: Forbidden for url: https://trends.tribunnews.com/infotainment
2026-09-07 19:08:09,548 [INFO] Berhasil memperbarui 155 berita terbaru.
2026-09-07 19:08:12,138 [ERROR] Gagal mengambil CNN Indonesia: 403 Client Error: Forbidden for url: https://www.cnnindonesia.com/nasional
2026-09-07 19:08:12,253 [ERROR] Gagal mengambil Tribunnews Nasional: 403 Client Error: Forbidden for url: https://www.tribunnews.com/nasional
2026-09-07 19:08:13,445 [INFO] Berhasil membersihkan dan memperbarui 1022 berita.
2026-09-07 19:08:13,911 [INFO] Memulai penarikan tren terpadu...
2026-09-07 19:08:19,255 [INFO] Berhasil menyimpan 46 data tren bersih ke berita_trending.csv.
2026-09-07 19:08:19,690 [INFO] Memulai tracker Hiburan & Opini...
2026-09-07 19:08:23,486 [INFO] Berhasil menyimpan 12 data ke hiburan_dan_opini.csv.
2026-09-07 19:13:01,589 [ERROR] Error pada TribunTrends: 403 Client Error: Forbidden for url: https://trends.tribunnews.com/infotainment
2026-09-07 19:13:01,596 [INFO] Berhasil memperbarui 155 berita terbaru.
2026-09-07 19:13:03,764 [ERROR] Gagal mengambil CNN Indonesia: 403 Client Error: Forbidden for url: https://www.cnnindonesia.com/nasional
2026-09-07 19:13:03,873 [ERROR] Gagal mengambil Tribunnews Nasional: 403 Client Error: Forbidden for url: https://www.tribunnews.com/nasional
2026-09-07 19:13:05,495 [INFO] Berhasil membersihkan dan memperbarui 1022 berita.
2026-09-07 19:13:08,855 [INFO] Memulai tracker Hiburan & Opini...
2026-09-07 19:13:11,963 [INFO] Berhasil menyimpan 12 data ke hiburan_dan_opini.csv.
2026-09-07 19:19:34,791 [ERROR] Error pada TribunTrends: 403 Client Error: Forbidden for url: https://trends.tribunnews.com/infotainment
2026-09-07 19:19:34,800 [INFO] Berhasil memperbarui 155 berita terbaru.
2026-09-07 19:19:37,045 [ERROR] Gagal mengambil CNN Indonesia: 403 Client Error: Forbidden for url: https://www.cnnindonesia.com/nasional
2026-09-07 19:19:37,191 [ERROR] Gagal mengambil Tribunnews Nasional: 403 Client Error: Forbidden for url: https://www.tribunnews.com/nasional
2026-09-07 19:19:38,968 [INFO] Berhasil membersihkan dan memperbarui 1022 berita.
2026-09-07 19:19:41,675 [INFO] Memulai tracker Hiburan & Opini...
2026-09-07 19:19:45,635 [INFO] Berhasil menyimpan 12 data ke hiburan_dan_opini.csv.
2026-09-07 19:29:33,893 [ERROR] Error pada TribunTrends: 403 Client Error: Forbidden for url: https://trends.tribunnews.com/infotainment
2026-09-07 19:29:33,902 [INFO] Berhasil memperbarui 155 berita terbaru.
2026-09-07 19:29:35,886 [ERROR] Gagal mengambil CNN Indonesia: 403 Client Error: Forbidden for url: https://www.cnnindonesia.com/nasional
2026-09-07 19:29:35,958 [ERROR] Gagal mengambil Tribunnews Nasional: 403 Client Error: Forbidden for url: https://www.tribunnews.com/nasional
2026-09-07 19:29:37,606 [INFO] Berhasil membersihkan dan memperbarui 1024 berita.
2026-09-07 19:29:40,454 [INFO] Memulai tracker Hiburan & Opini...
2026-09-07 19:29:42,842 [INFO] Berhasil menyimpan 12 data ke hiburan_dan_opini.csv.
2026-09-07 22:19:50,777 [ERROR] Error pada TribunTrends: 403 Client Error: Forbidden for url: https://trends.tribunnews.com/infotainment
2026-09-07 22:19:50,786 [INFO] Berhasil memperbarui 158 berita terbaru.
2026-09-07 22:19:52,789 [ERROR] Gagal mengambil CNN Indonesia: 403 Client Error: Forbidden for url: https://www.cnnindonesia.com/nasional
2026-09-07 22:19:52,936 [ERROR] Gagal mengambil Tribunnews Nasional: 403 Client Error: Forbidden for url: https://www.tribunnews.com/nasional
2026-09-07 22:19:54,774 [INFO] Berhasil membersihkan dan memperbarui 1027 berita.
2026-09-07 22:19:57,396 [INFO] Memulai tracker Hiburan & Opini...
2026-09-07 22:19:59,996 [INFO] Berhasil menyimpan 12 data ke hiburan_dan_opini.csv.
2026-09-08 00:59:59,682 [ERROR] Error pada TribunTrends: 403 Client Error: Forbidden for url: https://trends.tribunnews.com/infotainment
2026-09-08 00:59:59,691 [INFO] Berhasil memperbarui 154 berita terbaru.
2026-09-08 01:00:01,864 [ERROR] Gagal mengambil Kompas.com Nasional: 403 Client Error: Forbidden for url: https://nasional.kompas.com/
2026-09-08 01:00:02,000 [ERROR] Gagal mengambil CNN Indonesia: 403 Client Error: Forbidden for url: https://www.cnnindonesia.com/nasional
2026-09-08 01:00:04,421 [ERROR] Gagal mengambil Tribunnews Nasional: 403 Client Error: Forbidden for url: https://www.tribunnews.com/nasional
2026-09-08 01:00:06,329 [INFO] Berhasil membersihkan dan memperbarui 1051 berita.
2026-09-08 01:00:09,107 [INFO] Memulai tracker Hiburan & Opini...
2026-09-08 01:00:12,837 [INFO] Berhasil menyimpan 12 data ke hiburan_dan_opini.csv.
2026-09-08 01:34:57,895 [ERROR] Error pada TribunTrends: 403 Client Error: Forbidden for url: https://trends.tribunnews.com/infotainment
2026-09-08 01:34:57,904 [INFO] Berhasil memperbarui 155 berita terbaru.
2026-09-08 01:35:00,183 [ERROR] Gagal mengambil CNN Indonesia: 403 Client Error: Forbidden for url: https://www.cnnindonesia.com/nasional
2026-09-08 01:35:00,227 [ERROR] Gagal mengambil Tribunnews Nasional: 403 Client Error: Forbidden for url: https://www.tribunnews.com/nasional
2026-09-08 01:35:02,453 [INFO] Berhasil membersihkan dan memperbarui 1080 berita.
2026-09-08 01:35:05,045 [INFO] Memulai tracker Hiburan & Opini...
2026-09-08 01:35:08,232 [INFO] Berhasil menyimpan 12 data ke hiburan_dan_opini.csv.
2026-09-08 04:04:09,217 [ERROR] Error pada TribunTrends: 403 Client Error: Forbidden for url: https://trends.tribunnews.com/infotainment
2026-09-08 04:04:09,225 [INFO] Berhasil memperbarui 157 berita terbaru.
2026-09-08 04:04:11,172 [ERROR] Gagal mengambil CNN Indonesia: 403 Client Error: Forbidden for url: https://www.cnnindonesia.com/nasional
2026-09-08 04:04:11,320 [ERROR] Gagal mengambil Tribunnews Nasional: 403 Client Error: Forbidden for url: https://www.tribunnews.com/nasional
2026-09-08 04:04:13,702 [INFO] Berhasil membersihkan dan memperbarui 1153 berita.
2026-09-08 04:04:16,417 [INFO] Memulai tracker Hiburan & Opini...
2026-09-08 04:04:20,237 [INFO] Berhasil menyimpan 12 data ke hiburan_dan_opini.csv.
2026-09-08 04:14:33,460 [ERROR] Error pada TribunTrends: 403 Client Error: Forbidden for url: https://trends.tribunnews.com/infotainment
2026-09-08 04:14:33,467 [INFO] Berhasil memperbarui 156 berita terbaru.
2026-09-08 04:14:36,093 [ERROR] Gagal mengambil CNN Indonesia: 403 Client Error: Forbidden for url: https://www.cnnindonesia.com/nasional
2026-09-08 04:14:36,234 [ERROR] Gagal mengambil Tribunnews Nasional: 403 Client Error: Forbidden for url: https://www.tribunnews.com/nasional
2026-09-08 04:14:38,038 [INFO] Berhasil membersihkan dan memperbarui 1161 berita.
2026-09-08 04:14:40,549 [INFO] Memulai tracker Hiburan & Opini...
2026-09-08 04:14:43,604 [INFO] Berhasil menyimpan 12 data ke hiburan_dan_opini.csv.
2026-09-08 06:36:31,328 [ERROR] Error pada TribunTrends: 403 Client Error: Forbidden for url: https://trends.tribunnews.com/infotainment
2026-09-08 06:36:31,352 [INFO] Berhasil memperbarui 159 berita terbaru.
2026-09-08 06:36:34,554 [ERROR] Gagal mengambil CNN Indonesia: 403 Client Error: Forbidden for url: https://www.cnnindonesia.com/nasional
2026-09-08 06:36:34,734 [ERROR] Gagal mengambil Tribunnews Nasional: 403 Client Error: Forbidden for url: https://www.tribunnews.com/nasional
2026-09-08 06:36:36,785 [INFO] Berhasil membersihkan dan memperbarui 1251 berita.
2026-09-08 06:36:39,828 [INFO] Memulai tracker Hiburan & Opini...
2026-09-08 06:36:43,566 [INFO] Berhasil menyimpan 12 data ke hiburan_dan_opini.csv.
2026-09-08 07:04:37,176 [ERROR] Error pada TribunTrends: 403 Client Error: Forbidden for url: https://trends.tribunnews.com/infotainment
2026-09-08 07:04:37,185 [INFO] Berhasil memperbarui 129 berita terbaru.
2026-09-08 07:04:39,322 [ERROR] Gagal mengambil CNN Indonesia: 403 Client Error: Forbidden for url: https://www.cnnindonesia.com/nasional
2026-09-08 07:04:39,443 [ERROR] Gagal mengambil Tribunnews Nasional: 403 Client Error: Forbidden for url: https://www.tribunnews.com/nasional
2026-09-08 07:04:41,844 [INFO] Berhasil membersihkan dan memperbarui 1268 berita.
2026-09-08 07:04:44,300 [INFO] Memulai tracker Hiburan & Opini (TMDb, XXI, Netflix, Viu)...
2026-09-08 07:04:47,582 [INFO] Menarik data Film Sedang Tayang di Bioskop...
2026-09-08 07:04:48,979 [INFO] Menarik data Top 10 Netflix Indonesia...
2026-09-08 07:04:49,047 [INFO] Menarik data Top 10 Viu Indonesia...
2026-09-08 07:04:49,087 [INFO] Berhasil menyimpan 12 data ke hiburan_dan_opini.csv.
2026-09-08 07:23:32,059 [ERROR] Error pada TribunTrends: 403 Client Error: Forbidden for url: https://trends.tribunnews.com/infotainment
2026-09-08 07:23:32,068 [INFO] Berhasil memperbarui 152 berita terbaru.
2026-09-08 07:23:34,223 [ERROR] Gagal mengambil CNN Indonesia: 403 Client Error: Forbidden for url: https://www.cnnindonesia.com/nasional
2026-09-08 07:23:34,268 [ERROR] Gagal mengambil Tribunnews Nasional: 403 Client Error: Forbidden for url: https://www.tribunnews.com/nasional
2026-09-08 07:23:36,751 [INFO] Berhasil membersihkan dan memperbarui 1283 berita.
2026-09-08 07:23:39,257 [INFO] Memulai tracker Hiburan Murni (TMDb, XXI, Netflix, Viu)...
2026-09-08 07:23:40,495 [INFO] Menarik data Film Sedang Tayang di Bioskop...
2026-09-08 07:23:41,907 [INFO] Menarik data Top 10 Netflix Indonesia...
2026-09-08 07:23:41,981 [INFO] Menarik data Top 10 Viu Indonesia...
2026-09-08 07:23:42,023 [WARNING] Data hiburan kosong.
2026-09-08 10:01:23,827 [ERROR] Error pada TribunTrends: 403 Client Error: Forbidden for url: https://trends.tribunnews.com/infotainment
2026-09-08 10:01:23,836 [INFO] Berhasil memperbarui 155 berita terbaru.
2026-09-08 10:01:25,736 [ERROR] Gagal mengambil CNN Indonesia: 403 Client Error: Forbidden for url: https://www.cnnindonesia.com/nasional
2026-09-08 10:01:25,820 [ERROR] Gagal mengambil Tribunnews Nasional: 403 Client Error: Forbidden for url: https://www.tribunnews.com/nasional
2026-09-08 10:01:27,923 [INFO] Berhasil membersihkan dan memperbarui 1358 berita.
2026-09-08 10:01:30,401 [INFO] Memulai tracker Hiburan Murni (TMDb, XXI, Netflix, Viu)...
2026-09-08 10:01:31,365 [INFO] Menarik data Film Sedang Tayang di Bioskop...
2026-09-08 10:01:32,690 [INFO] Menarik data Top 10 Netflix Indonesia...
2026-09-08 10:01:32,772 [INFO] Menarik data Top 10 Viu Indonesia...
2026-09-08 10:01:32,805 [WARNING] Data hiburan kosong.
2026-09-08 10:01:34,162 [INFO] Memulai tracker Ekonomi & Audio...
2026-09-08 10:01:38,143 [INFO] Berhasil menyimpan 20 data ke ekonomi_audio.csv.
2026-09-08 13:30:55,434 [ERROR] Error pada TribunTrends: 403 Client Error: Forbidden for url: https://trends.tribunnews.com/infotainment
2026-09-08 13:30:55,443 [INFO] Berhasil memperbarui 151 berita terbaru.
2026-09-08 13:30:57,368 [ERROR] Gagal mengambil CNN Indonesia: 403 Client Error: Forbidden for url: https://www.cnnindonesia.com/nasional
2026-09-08 13:30:57,421 [ERROR] Gagal mengambil Tribunnews Nasional: 403 Client Error: Forbidden for url: https://www.tribunnews.com/nasional
2026-09-08 13:30:58,934 [INFO] Berhasil membersihkan dan memperbarui 1455 berita.
2026-09-08 13:31:01,832 [INFO] Memulai tracker Hiburan Murni (TMDb, XXI, Netflix, Viu)...
2026-09-08 13:31:03,046 [INFO] Menarik data Film Sedang Tayang di Bioskop...
2026-09-08 13:31:04,200 [INFO] Menarik data Top 10 Netflix Indonesia...
2026-09-08 13:31:04,315 [INFO] Menarik data Top 10 Viu Indonesia...
2026-09-08 13:31:04,434 [WARNING] Data hiburan kosong.
2026-09-08 13:31:05,857 [INFO] Memulai tracker Ekonomi & Audio...
2026-09-08 13:31:11,986 [INFO] Berhasil menyimpan 20 data ke ekonomi_audio.csv.
2026-09-08 15:47:35,438 [ERROR] Error pada TribunTrends: 403 Client Error: Forbidden for url: https://trends.tribunnews.com/infotainment
2026-09-08 15:47:35,464 [INFO] Berhasil memperbarui 152 berita terbaru.
2026-09-08 15:47:37,691 [ERROR] Gagal mengambil CNN Indonesia: 403 Client Error: Forbidden for url: https://www.cnnindonesia.com/nasional
2026-09-08 15:47:37,858 [ERROR] Gagal mengambil Tribunnews Nasional: 403 Client Error: Forbidden for url: https://www.tribunnews.com/nasional
2026-09-08 15:47:40,282 [INFO] Berhasil membersihkan dan memperbarui 1515 berita.
2026-09-08 15:47:42,953 [INFO] Memulai tracker Hiburan Murni (TMDb, XXI, Netflix, Viu)...
2026-09-08 15:47:44,230 [INFO] Menarik data Film Sedang Tayang di Bioskop...
2026-09-08 15:47:45,482 [INFO] Menarik data Top 10 Netflix Indonesia...
2026-09-08 15:47:45,623 [INFO] Menarik data Top 10 Viu Indonesia...
2026-09-08 15:47:45,717 [WARNING] Data hiburan kosong.
2026-09-08 15:47:46,975 [INFO] Memulai tracker Ekonomi & Audio...
2026-09-08 15:48:05,745 [ERROR] Gagal menarik Top Musik: HTTPSConnectionPool(host='rss.marketingtools.apple.com', port=443): Read timed out. (read timeout=15)
2026-09-08 15:48:05,750 [INFO] Berhasil menyimpan 10 data ke ekonomi_audio.csv.
2026-09-08 17:25:01,986 [ERROR] Error pada TribunTrends: 403 Client Error: Forbidden for url: https://trends.tribunnews.com/infotainment
2026-09-08 17:25:01,995 [INFO] Berhasil memperbarui 151 berita terbaru.
2026-09-08 17:25:04,101 [ERROR] Gagal mengambil CNN Indonesia: 403 Client Error: Forbidden for url: https://www.cnnindonesia.com/nasional
2026-09-08 17:25:04,282 [ERROR] Gagal mengambil Tribunnews Nasional: 403 Client Error: Forbidden for url: https://www.tribunnews.com/nasional
2026-09-08 17:25:06,102 [INFO] Berhasil membersihkan dan memperbarui 1527 berita.
2026-09-08 17:25:09,101 [INFO] Memulai tracker Hiburan Murni (TMDb, XXI, Netflix, Viu)...
2026-09-08 17:25:10,515 [INFO] Menarik data Film Sedang Tayang di Bioskop...
2026-09-08 17:25:11,620 [INFO] Menarik data Top 10 Netflix Indonesia...
2026-09-08 17:25:11,740 [INFO] Menarik data Top 10 Viu Indonesia...
2026-09-08 17:25:11,777 [WARNING] Data hiburan kosong.
2026-09-08 17:25:13,395 [INFO] Memulai tracker Ekonomi & Audio...
2026-09-08 17:25:31,303 [ERROR] Gagal menarik Top Podcast: HTTPSConnectionPool(host='rss.marketingtools.apple.com', port=443): Read timed out. (read timeout=15)
2026-09-08 17:25:31,652 [INFO] Berhasil menyimpan 10 data ke ekonomi_audio.csv.
2026-09-08 19:11:07,953 [ERROR] Error pada TribunTrends: 403 Client Error: Forbidden for url: https://trends.tribunnews.com/infotainment
2026-09-08 19:11:07,961 [INFO] Berhasil memperbarui 152 berita terbaru.
2026-09-08 19:11:10,779 [ERROR] Gagal mengambil CNN Indonesia: 403 Client Error: Forbidden for url: https://www.cnnindonesia.com/nasional
2026-09-08 19:11:10,925 [ERROR] Gagal mengambil Tribunnews Nasional: 403 Client Error: Forbidden for url: https://www.tribunnews.com/nasional
2026-09-08 19:11:13,418 [INFO] Berhasil membersihkan dan memperbarui 1537 berita.
2026-09-08 19:11:15,970 [INFO] Memulai tracker Hiburan Murni (TMDb, XXI, Netflix, Viu)...
2026-09-08 19:11:17,487 [INFO] Menarik data Film Sedang Tayang di Bioskop...
2026-09-08 19:11:18,666 [INFO] Menarik data Top 10 Netflix Indonesia...
2026-09-08 19:11:18,787 [INFO] Menarik data Top 10 Viu Indonesia...
2026-09-08 19:11:18,869 [WARNING] Data hiburan kosong.
2026-09-08 19:11:20,166 [INFO] Memulai tracker Ekonomi & Audio...
2026-09-08 19:11:38,448 [ERROR] Gagal menarik Top Podcast: HTTPSConnectionPool(host='rss.marketingtools.apple.com', port=443): Read timed out. (read timeout=15)
2026-09-08 19:11:53,728 [ERROR] Gagal menarik Top Musik: HTTPSConnectionPool(host='rss.marketingtools.apple.com', port=443): Read timed out. (read timeout=15)
2026-09-08 19:11:53,729 [WARNING] Data Ekonomi & Audio kosong.
2026-09-08 22:15:15,164 [ERROR] Error pada TribunTrends: 403 Client Error: Forbidden for url: https://trends.tribunnews.com/infotainment
2026-09-08 22:15:15,175 [INFO] Berhasil memperbarui 152 berita terbaru.
2026-09-08 22:15:17,814 [ERROR] Gagal mengambil CNN Indonesia: 403 Client Error: Forbidden for url: https://www.cnnindonesia.com/nasional
2026-09-08 22:15:17,981 [ERROR] Gagal mengambil Tribunnews Nasional: 403 Client Error: Forbidden for url: https://www.tribunnews.com/nasional
2026-09-08 22:15:19,589 [INFO] Berhasil membersihkan dan memperbarui 1541 berita.
2026-09-08 22:15:21,975 [INFO] Memulai tracker Hiburan Murni (TMDb, XXI, Netflix, Viu)...
2026-09-08 22:15:23,593 [INFO] Menarik data Film Sedang Tayang di Bioskop...
2026-09-08 22:15:24,740 [INFO] Menarik data Top 10 Netflix Indonesia...
2026-09-08 22:15:24,920 [INFO] Menarik data Top 10 Viu Indonesia...
2026-09-08 22:15:25,003 [WARNING] Data hiburan kosong.
2026-09-08 22:15:26,481 [INFO] Memulai tracker Ekonomi & Audio...
2026-09-08 22:15:32,389 [INFO] Berhasil menyimpan 20 data ke ekonomi_audio.csv.
2026-09-09 02:29:46,626 [ERROR] Error pada TribunTrends: 403 Client Error: Forbidden for url: https://trends.tribunnews.com/infotainment
2026-09-09 02:29:46,634 [INFO] Berhasil memperbarui 155 berita terbaru.
2026-09-09 02:29:48,765 [ERROR] Gagal mengambil CNN Indonesia: 403 Client Error: Forbidden for url: https://www.cnnindonesia.com/nasional
2026-09-09 02:29:48,871 [ERROR] Gagal mengambil Tribunnews Nasional: 403 Client Error: Forbidden for url: https://www.tribunnews.com/nasional
2026-09-09 02:29:50,803 [INFO] Berhasil membersihkan dan memperbarui 1609 berita.
2026-09-09 02:29:54,983 [INFO] Memulai tracker Hiburan Murni (TMDb, XXI, Netflix, Viu)...
2026-09-09 02:29:56,369 [INFO] Menarik data Film Sedang Tayang di Bioskop...
2026-09-09 02:29:57,464 [INFO] Menarik data Top 10 Netflix Indonesia...
2026-09-09 02:29:57,581 [INFO] Menarik data Top 10 Viu Indonesia...
2026-09-09 02:29:57,617 [WARNING] Data hiburan kosong.
2026-09-09 02:29:59,039 [INFO] Memulai tracker Ekonomi & Audio...
2026-09-09 02:30:17,675 [ERROR] Gagal menarik Top Podcast: HTTPSConnectionPool(host='rss.marketingtools.apple.com', port=443): Read timed out. (read timeout=15)
2026-09-09 02:30:19,331 [INFO] Berhasil menyimpan 10 data ke ekonomi_audio.csv.
2026-09-09 07:05:19,214 [ERROR] Error pada TribunTrends: 403 Client Error: Forbidden for url: https://trends.tribunnews.com/infotainment
2026-09-09 07:05:19,222 [INFO] Berhasil memperbarui 157 berita terbaru.
2026-09-09 07:05:21,979 [ERROR] Gagal mengambil CNN Indonesia: 403 Client Error: Forbidden for url: https://www.cnnindonesia.com/nasional
2026-09-09 07:05:22,074 [ERROR] Gagal mengambil Tribunnews Nasional: 403 Client Error: Forbidden for url: https://www.tribunnews.com/nasional
2026-09-09 07:05:23,837 [INFO] Berhasil membersihkan dan memperbarui 1736 berita.
2026-09-09 07:05:27,073 [INFO] Memulai tracker Hiburan Murni (TMDb, XXI, Netflix, Viu)...
2026-09-09 07:05:28,080 [INFO] Menarik data Film Sedang Tayang di Bioskop...
2026-09-09 07:05:29,543 [INFO] Menarik data Top 10 Netflix Indonesia...
2026-09-09 07:05:29,803 [INFO] Menarik data Top 10 Viu Indonesia...
2026-09-09 07:05:29,857 [WARNING] Data hiburan kosong.
2026-09-09 07:05:31,114 [INFO] Memulai tracker Ekonomi & Audio...
2026-09-09 07:05:35,092 [INFO] Berhasil menyimpan 10 data ke ekonomi_audio.csv.
2026-09-09 07:50:18,308 [ERROR] Error pada TribunTrends: 403 Client Error: Forbidden for url: https://trends.tribunnews.com/infotainment
2026-09-09 07:50:18,319 [INFO] Berhasil memperbarui 157 berita terbaru.
2026-09-09 07:50:20,351 [ERROR] Gagal mengambil CNN Indonesia: 403 Client Error: Forbidden for url: https://www.cnnindonesia.com/nasional
2026-09-09 07:50:20,397 [ERROR] Gagal mengambil Tribunnews Nasional: 403 Client Error: Forbidden for url: https://www.tribunnews.com/nasional
2026-09-09 07:50:21,968 [INFO] Berhasil membersihkan dan memperbarui 1765 berita.
2026-09-09 07:50:24,910 [INFO] Memulai tracker Hiburan Murni (TMDb, XXI, Netflix, Viu)...
2026-09-09 07:50:26,350 [INFO] Menarik data Film Sedang Tayang di Bioskop...
2026-09-09 07:50:27,486 [INFO] Menarik data Top 10 Netflix Indonesia...
2026-09-09 07:50:27,593 [INFO] Menarik data Top 10 Viu Indonesia...
2026-09-09 07:50:27,629 [WARNING] Data hiburan kosong.
2026-09-09 07:50:29,331 [INFO] Memulai tracker Ekonomi & Audio...
2026-09-09 07:50:38,068 [INFO] Berhasil menyimpan 10 data ke ekonomi_audio.csv.
2026-09-09 08:31:31,602 [ERROR] Error pada TribunTrends: 403 Client Error: Forbidden for url: https://trends.tribunnews.com/infotainment
2026-09-09 08:31:31,610 [INFO] Berhasil memperbarui 157 berita terbaru.
2026-09-09 08:31:34,507 [ERROR] Gagal mengambil CNN Indonesia: 403 Client Error: Forbidden for url: https://www.cnnindonesia.com/nasional
2026-09-09 08:31:34,680 [ERROR] Gagal mengambil Tribunnews Nasional: 403 Client Error: Forbidden for url: https://www.tribunnews.com/nasional
2026-09-09 08:31:36,731 [INFO] Berhasil membersihkan dan memperbarui 1794 berita.
2026-09-09 08:31:39,068 [INFO] Memulai tracker Hiburan Murni (TMDb, XXI, Netflix, Viu)...
2026-09-09 08:31:40,435 [INFO] Menarik data Film Sedang Tayang di Bioskop...
2026-09-09 08:31:41,703 [INFO] Menarik data Top 10 Netflix Indonesia...
2026-09-09 08:31:41,818 [INFO] Menarik data Top 10 Viu Indonesia...
2026-09-09 08:31:41,850 [WARNING] Data hiburan kosong.
2026-09-09 08:31:43,007 [INFO] Memulai tracker Ekonomi & Audio...
2026-09-09 08:31:47,431 [INFO] Berhasil menyimpan 10 data ke ekonomi_audio.csv.
2026-09-09 09:00:07,751 [ERROR] Error pada TribunTrends: 403 Client Error: Forbidden for url: https://trends.tribunnews.com/infotainment
2026-09-09 09:00:07,760 [INFO] Berhasil memperbarui 158 berita terbaru.
2026-09-09 09:00:10,290 [ERROR] Gagal mengambil CNN Indonesia: 403 Client Error: Forbidden for url: https://www.cnnindonesia.com/nasional
2026-09-09 09:00:10,472 [ERROR] Gagal mengambil Tribunnews Nasional: 403 Client Error: Forbidden for url: https://www.tribunnews.com/nasional
2026-09-09 09:00:12,993 [INFO] Berhasil membersihkan dan memperbarui 1818 berita.
2026-09-09 09:00:16,053 [INFO] Memulai tracker Hiburan Murni (TMDb, XXI, Netflix, Viu)...
2026-09-09 09:00:17,044 [INFO] Menarik data Film Sedang Tayang di Bioskop...
2026-09-09 09:00:18,338 [INFO] Menarik data Top 10 Netflix Indonesia...
2026-09-09 09:00:18,516 [INFO] Menarik data Top 10 Viu Indonesia...
2026-09-09 09:00:18,582 [WARNING] Data hiburan kosong.
2026-09-09 09:00:20,016 [INFO] Memulai tracker Ekonomi & Audio...
2026-09-09 09:00:38,573 [ERROR] Gagal menarik Top Musik: HTTPSConnectionPool(host='rss.marketingtools.apple.com', port=443): Read timed out. (read timeout=15)
2026-09-09 09:00:38,577 [INFO] Berhasil menyimpan 5 data ke ekonomi_audio.csv.
2026-09-09 14:05:12,046 [ERROR] Error pada TribunTrends: 403 Client Error: Forbidden for url: https://trends.tribunnews.com/infotainment
2026-09-09 14:05:12,054 [INFO] Berhasil memperbarui 157 berita terbaru.
2026-09-09 14:05:14,748 [ERROR] Gagal mengambil CNN Indonesia: 403 Client Error: Forbidden for url: https://www.cnnindonesia.com/nasional
2026-09-09 14:05:14,789 [ERROR] Gagal mengambil Tribunnews Nasional: 403 Client Error: Forbidden for url: https://www.tribunnews.com/nasional
2026-09-09 14:05:16,797 [INFO] Berhasil membersihkan dan memperbarui 1957 berita.
2026-09-09 14:05:19,722 [INFO] Memulai tracker Hiburan Murni (TMDb, XXI, Netflix, Viu)...
2026-09-09 14:05:20,730 [INFO] Menarik data Film Sedang Tayang di Bioskop...
2026-09-09 14:05:22,089 [INFO] Menarik data Top 10 Netflix Indonesia...
2026-09-09 14:05:22,218 [INFO] Menarik data Top 10 Viu Indonesia...
2026-09-09 14:05:22,258 [WARNING] Data hiburan kosong.
2026-09-09 14:05:23,704 [INFO] Memulai tracker Ekonomi & Audio...
2026-09-09 14:05:27,237 [INFO] Berhasil menyimpan 10 data ke ekonomi_audio.csv.
2026-09-09 18:59:11,210 [ERROR] Error pada TribunTrends: 403 Client Error: Forbidden for url: https://trends.tribunnews.com/infotainment
2026-09-09 18:59:11,218 [INFO] Berhasil memperbarui 154 berita terbaru.
2026-09-09 18:59:12,924 [ERROR] Gagal mengambil CNN Indonesia: 403 Client Error: Forbidden for url: https://www.cnnindonesia.com/nasional
2026-09-09 18:59:12,972 [ERROR] Gagal mengambil Tribunnews Nasional: 403 Client Error: Forbidden for url: https://www.tribunnews.com/nasional
2026-09-09 18:59:15,142 [INFO] Berhasil membersihkan dan memperbarui 2019 berita.
2026-09-09 18:59:19,241 [INFO] Memulai tracker Hiburan Murni (TMDb, XXI, Netflix, Viu)...
2026-09-09 18:59:20,046 [INFO] Menarik data Film Sedang Tayang di Bioskop...
2026-09-09 18:59:21,161 [INFO] Menarik data Top 10 Netflix Indonesia...
2026-09-09 18:59:21,460 [INFO] Menarik data Top 10 Viu Indonesia...
2026-09-09 18:59:21,724 [WARNING] Data hiburan kosong.
2026-09-09 18:59:23,296 [INFO] Memulai tracker Ekonomi & Audio...
2026-09-09 18:59:26,805 [INFO] Berhasil menyimpan 10 data ke ekonomi_audio.csv.
2026-09-09 22:09:22,820 [ERROR] Error pada TribunTrends: 403 Client Error: Forbidden for url: https://trends.tribunnews.com/infotainment
2026-09-09 22:09:22,829 [INFO] Berhasil memperbarui 155 berita terbaru.
2026-09-09 22:09:26,201 [ERROR] Gagal mengambil CNN Indonesia: 403 Client Error: Forbidden for url: https://www.cnnindonesia.com/nasional
2026-09-09 22:09:26,268 [ERROR] Gagal mengambil Tribunnews Nasional: 403 Client Error: Forbidden for url: https://www.tribunnews.com/nasional
2026-09-09 22:09:28,077 [INFO] Berhasil membersihkan dan memperbarui 2026 berita.
2026-09-09 22:09:31,720 [INFO] Memulai tracker Hiburan Murni (TMDb, XXI, Netflix, Viu)...
2026-09-09 22:09:33,039 [INFO] Menarik data Film Sedang Tayang di Bioskop...
2026-09-09 22:09:34,327 [INFO] Menarik data Top 10 Netflix Indonesia...
2026-09-09 22:09:34,466 [INFO] Menarik data Top 10 Viu Indonesia...
2026-09-09 22:09:34,507 [WARNING] Data hiburan kosong.
2026-09-09 22:09:36,115 [INFO] Memulai tracker Ekonomi & Audio...
2026-09-09 22:09:40,541 [INFO] Berhasil menyimpan 10 data ke ekonomi_audio.csv.
2026-09-10 00:48:56,812 [ERROR] Error pada TribunTrends: 403 Client Error: Forbidden for url: https://trends.tribunnews.com/infotainment
2026-09-10 00:48:56,820 [INFO] Berhasil memperbarui 155 berita terbaru.
2026-09-10 00:48:59,755 [ERROR] Gagal mengambil CNN Indonesia: 403 Client Error: Forbidden for url: https://www.cnnindonesia.com/nasional
2026-09-10 00:48:59,870 [ERROR] Gagal mengambil Tribunnews Nasional: 403 Client Error: Forbidden for url: https://www.tribunnews.com/nasional
2026-09-10 00:49:01,790 [INFO] Berhasil membersihkan dan memperbarui 2063 berita.
2026-09-10 00:49:05,291 [INFO] Memulai tracker Hiburan Murni (TMDb, XXI, Netflix, Viu)...
2026-09-10 00:49:06,544 [INFO] Menarik data Film Sedang Tayang di Bioskop...
2026-09-10 00:49:07,868 [INFO] Menarik data Top 10 Netflix Indonesia...
2026-09-10 00:49:08,009 [INFO] Menarik data Top 10 Viu Indonesia...
2026-09-10 00:49:08,048 [WARNING] Data hiburan kosong.
2026-09-10 00:49:09,648 [INFO] Memulai tracker Ekonomi & Audio...
2026-09-10 00:49:13,079 [INFO] Berhasil menyimpan 10 data ke ekonomi_audio.csv.
2026-09-10 00:57:46,887 [ERROR] Error pada TribunTrends: 403 Client Error: Forbidden for url: https://trends.tribunnews.com/infotainment
2026-09-10 00:57:46,895 [INFO] Berhasil memperbarui 155 berita terbaru.
2026-09-10 00:57:49,198 [ERROR] Gagal mengambil CNN Indonesia: 403 Client Error: Forbidden for url: https://www.cnnindonesia.com/nasional
2026-09-10 00:57:49,315 [ERROR] Gagal mengambil Tribunnews Nasional: 403 Client Error: Forbidden for url: https://www.tribunnews.com/nasional
2026-09-10 00:57:51,944 [INFO] Berhasil membersihkan dan memperbarui 2066 berita.
2026-09-10 00:57:55,570 [INFO] Memulai tracker Hiburan Murni (TMDb, XXI, Netflix, Viu)...
2026-09-10 00:57:56,551 [INFO] Menarik data Film Sedang Tayang di Bioskop...
2026-09-10 00:57:57,922 [INFO] Menarik data Top 10 Netflix Indonesia...
2026-09-10 00:57:57,982 [INFO] Menarik data Top 10 Viu Indonesia...
2026-09-10 00:57:58,023 [WARNING] Data hiburan kosong.
2026-09-10 00:57:59,524 [INFO] Memulai tracker Ekonomi & Audio...
2026-09-10 00:58:03,062 [INFO] Berhasil menyimpan 10 data ke ekonomi_audio.csv.
2026-09-10 01:04:11,638 [ERROR] Error pada TribunTrends: 403 Client Error: Forbidden for url: https://trends.tribunnews.com/infotainment
2026-09-10 01:04:11,647 [INFO] Berhasil memperbarui 155 berita terbaru.
2026-09-10 01:04:14,207 [ERROR] Gagal mengambil CNN Indonesia: 403 Client Error: Forbidden for url: https://www.cnnindonesia.com/nasional
2026-09-10 01:04:14,306 [ERROR] Gagal mengambil Tribunnews Nasional: 403 Client Error: Forbidden for url: https://www.tribunnews.com/nasional
2026-09-10 01:04:16,017 [INFO] Berhasil membersihkan dan memperbarui 2074 berita.
2026-09-10 01:04:18,603 [INFO] Memulai tracker Hiburan Murni (TMDb, XXI, Netflix, Viu)...
2026-09-10 01:04:19,907 [INFO] Menarik data Film Sedang Tayang di Bioskop...
2026-09-10 01:04:21,205 [INFO] Menarik data Top 10 Netflix Indonesia...
2026-09-10 01:04:21,284 [INFO] Menarik data Top 10 Viu Indonesia...
2026-09-10 01:04:21,337 [WARNING] Data hiburan kosong.
2026-09-10 01:04:22,820 [INFO] Memulai tracker Ekonomi & Audio...
2026-09-10 01:04:28,072 [INFO] Berhasil menyimpan 10 data ke ekonomi_audio.csv.
2026-09-10 01:30:58,481 [ERROR] Error pada TribunTrends: 403 Client Error: Forbidden for url: https://trends.tribunnews.com/infotainment
2026-09-10 01:30:58,491 [INFO] Berhasil memperbarui 155 berita terbaru.
2026-09-10 01:31:00,909 [ERROR] Gagal mengambil CNN Indonesia: 403 Client Error: Forbidden for url: https://www.cnnindonesia.com/nasional
2026-09-10 01:31:01,062 [ERROR] Gagal mengambil Tribunnews Nasional: 403 Client Error: Forbidden for url: https://www.tribunnews.com/nasional
2026-09-10 01:31:03,099 [INFO] Berhasil membersihkan dan memperbarui 2079 berita.
2026-09-10 01:31:07,393 [INFO] Memulai tracker Hiburan Murni (TMDb, XXI, Netflix, Viu)...
2026-09-10 01:31:08,718 [INFO] Menarik data Film Sedang Tayang di Bioskop...
2026-09-10 01:31:09,972 [INFO] Menarik data Top 10 Netflix Indonesia...
2026-09-10 01:31:10,185 [INFO] Menarik data Top 10 Viu Indonesia...
2026-09-10 01:31:10,302 [WARNING] Semua scraper hiburan gagal menarik data (mungkin diblokir atau API Key kosong).
2026-09-10 01:31:10,306 [INFO] Berhasil membuat file baru dan menyimpan 1 data ke film_dan_hiburan.csv.
2026-09-10 01:31:11,978 [INFO] Memulai tracker Ekonomi & Audio...
2026-09-10 01:31:17,422 [INFO] Berhasil menyimpan 10 data ke ekonomi_audio.csv.
2026-09-10 01:41:29,903 [ERROR] Error pada TribunTrends: 403 Client Error: Forbidden for url: https://trends.tribunnews.com/infotainment
2026-09-10 01:41:29,913 [INFO] Berhasil memperbarui 156 berita terbaru.
2026-09-10 01:41:33,183 [ERROR] Gagal mengambil CNN Indonesia: 403 Client Error: Forbidden for url: https://www.cnnindonesia.com/nasional
2026-09-10 01:41:33,265 [ERROR] Gagal mengambil Tribunnews Nasional: 403 Client Error: Forbidden for url: https://www.tribunnews.com/nasional
2026-09-10 01:41:35,458 [INFO] Berhasil membersihkan dan memperbarui 2085 berita.
2026-09-10 01:41:38,326 [INFO] Memulai tracker Hiburan Murni (TMDb, XXI, Netflix, Viu)...
2026-09-10 01:41:39,702 [INFO] Menarik data Film Sedang Tayang di Bioskop...
2026-09-10 01:41:40,995 [INFO] Menarik data Top 10 Netflix Indonesia...
2026-09-10 01:41:41,135 [INFO] Menarik data Top 10 Viu Indonesia...
2026-09-10 01:41:41,175 [WARNING] Semua scraper hiburan gagal menarik data (mungkin diblokir atau API Key kosong).
2026-09-10 01:41:41,180 [INFO] Berhasil menggabungkan 1 data hiburan ke film_dan_hiburan.csv.
2026-09-10 01:41:42,775 [INFO] Memulai tracker Ekonomi & Audio...
2026-09-10 01:41:46,530 [INFO] Berhasil menyimpan 10 data ke ekonomi_audio.csv.
2026-09-10 01:58:32,394 [ERROR] Error pada TribunTrends: 403 Client Error: Forbidden for url: https://trends.tribunnews.com/infotainment
2026-09-10 01:58:32,402 [INFO] Berhasil memperbarui 155 berita terbaru.
2026-09-10 01:58:35,516 [ERROR] Gagal mengambil CNN Indonesia: 403 Client Error: Forbidden for url: https://www.cnnindonesia.com/nasional
2026-09-10 01:58:35,619 [ERROR] Gagal mengambil Tribunnews Nasional: 403 Client Error: Forbidden for url: https://www.tribunnews.com/nasional
2026-09-10 01:58:37,204 [INFO] Berhasil membersihkan dan memperbarui 2086 berita.
2026-09-10 01:58:40,003 [INFO] Memulai tracker Hiburan Murni (TMDb, XXI, Netflix, Viu)...
2026-09-10 01:58:41,367 [INFO] Menarik data Film Sedang Tayang di Bioskop...
2026-09-10 01:58:42,608 [INFO] Menarik data Top 10 Netflix Indonesia...
2026-09-10 01:58:42,714 [INFO] Menarik data Top 10 Viu Indonesia...
2026-09-10 01:58:42,912 [WARNING] Semua scraper hiburan gagal menarik data (mungkin diblokir atau API Key kosong).
2026-09-10 01:58:42,917 [INFO] Berhasil menggabungkan 1 data hiburan ke film_dan_hiburan.csv.
2026-09-10 01:58:44,402 [INFO] Memulai tracker Ekonomi & Audio...
2026-09-10 01:58:48,537 [INFO] Berhasil menyimpan 10 data ke ekonomi_audio.csv.
2026-09-10 02:03:30,678 [ERROR] Error pada TribunTrends: 403 Client Error: Forbidden for url: https://trends.tribunnews.com/infotainment
2026-09-10 02:03:30,685 [INFO] Berhasil memperbarui 155 berita terbaru.
2026-09-10 02:03:32,606 [ERROR] Gagal mengambil CNN Indonesia: 403 Client Error: Forbidden for url: https://www.cnnindonesia.com/nasional
2026-09-10 02:03:32,655 [ERROR] Gagal mengambil Tribunnews Nasional: 403 Client Error: Forbidden for url: https://www.tribunnews.com/nasional
2026-09-10 02:03:34,443 [INFO] Berhasil membersihkan dan memperbarui 2089 berita.
2026-09-10 02:03:39,021 [INFO] Memulai tracker Hiburan Murni (TMDb, XXI, Netflix, Viu)...
2026-09-10 02:03:40,320 [INFO] Menarik data Film Sedang Tayang di Bioskop...
2026-09-10 02:03:41,636 [INFO] Menarik data Top 10 Netflix Indonesia...
2026-09-10 02:03:41,687 [INFO] Menarik data Top 10 Viu Indonesia...
2026-09-10 02:03:41,730 [WARNING] Semua scraper hiburan gagal menarik data (mungkin diblokir atau API Key kosong).
2026-09-10 02:03:41,734 [INFO] Berhasil menggabungkan 1 data hiburan ke film_dan_hiburan.csv.
2026-09-10 02:03:42,918 [INFO] Memulai tracker Ekonomi & Audio...
2026-09-10 02:03:46,872 [INFO] Berhasil menyimpan 10 data ke ekonomi_audio.csv.
2026-09-10 02:23:51,548 [ERROR] Error pada TribunTrends: 403 Client Error: Forbidden for url: https://trends.tribunnews.com/infotainment
2026-09-10 02:23:51,557 [INFO] Berhasil memperbarui 155 berita terbaru.
2026-09-10 02:23:53,798 [ERROR] Gagal mengambil CNN Indonesia: 403 Client Error: Forbidden for url: https://www.cnnindonesia.com/nasional
2026-09-10 02:23:53,946 [ERROR] Gagal mengambil Tribunnews Nasional: 403 Client Error: Forbidden for url: https://www.tribunnews.com/nasional
2026-09-10 02:23:55,755 [INFO] Berhasil membersihkan dan memperbarui 2094 berita.
2026-09-10 02:23:58,817 [INFO] Memulai tracker Hiburan Murni (TMDb, XXI, Netflix, Viu)...
2026-09-10 02:23:59,056 [INFO] Menarik data Film Sedang Tayang di Bioskop...
2026-09-10 02:24:00,285 [INFO] Menarik data Top 10 Netflix Indonesia...
2026-09-10 02:24:00,482 [INFO] Menarik data Top 10 Viu Indonesia...
2026-09-10 02:24:00,570 [INFO] Berhasil menggabungkan 8 data hiburan ke film_dan_hiburan.csv.
2026-09-10 02:24:02,036 [INFO] Memulai tracker Ekonomi & Audio...
2026-09-10 02:24:05,596 [INFO] Berhasil menyimpan 10 data ke ekonomi_audio.csv.
2026-09-10 02:30:24,715 [ERROR] Error pada TribunTrends: 403 Client Error: Forbidden for url: https://trends.tribunnews.com/infotainment
2026-09-10 02:30:24,841 [INFO] Berhasil memperbarui 155 berita terbaru.
2026-09-10 02:30:26,604 [ERROR] Gagal mengambil Kompas.com Nasional: 403 Client Error: Forbidden for url: https://nasional.kompas.com/
2026-09-10 02:30:26,719 [ERROR] Gagal mengambil CNN Indonesia: 403 Client Error: Forbidden for url: https://www.cnnindonesia.com/nasional
2026-09-10 02:30:26,844 [ERROR] Gagal mengambil Tribunnews Nasional: 403 Client Error: Forbidden for url: https://www.tribunnews.com/nasional
2026-09-10 02:30:28,624 [INFO] Berhasil membersihkan dan memperbarui 2094 berita.
2026-09-10 02:30:31,613 [INFO] Memulai tracker Hiburan Murni (TMDb, XXI, Netflix, Viu)...
2026-09-10 02:30:31,754 [INFO] Menarik data Film Sedang Tayang di Bioskop...
2026-09-10 02:30:33,034 [INFO] Menarik data Top 10 Netflix Indonesia...
2026-09-10 02:30:33,270 [INFO] Menarik data Top 10 Viu Indonesia...
2026-09-10 02:30:33,415 [INFO] Berhasil menggabungkan 8 data hiburan ke film_dan_hiburan.csv.
2026-09-10 02:30:34,823 [INFO] Memulai tracker Ekonomi & Audio...
2026-09-10 02:30:38,573 [INFO] Berhasil menyimpan 10 data ke ekonomi_audio.csv.
